[1;34m[g8e][0m model parity check
SUCCESS: Models are in sync.
[0;32m[OK][0m Platform CA cert set (G8E_SSL_CERT_FILE=/g8es/ca.crt)
[0;32m[OK][0m G8E_INTERNAL_AUTH_TOKEN loaded from /g8es
[0;32m[OK][0m G8E_SESSION_ENCRYPTION_KEY loaded from /g8es
[0;32m[OK][0m g8es connected
[0;34m━━━━━━━━━━━━━━━━━━━━━━━━━━━━━━━━━━━━━━━━━━━━━━━━━━━━[0m
[0;34m  run_tests.sh g8ee tests/unit[0m
[0;34m━━━━━━━━━━━━━━━━━━━━━━━━━━━━━━━━━━━━━━━━━━━━━━━━━━━━[0m

  [1;33mNo LLM flags provided — ai_integration tests will be skipped.[0m


  [1;33mNo web search flags — requires_web_search tests will be skipped.[0m

[0;34m━━━━━━━━━━━━━━━━━━━━━━━━━━━━━━━━━━━━━━━━━━━━━━━━━━━━[0m
[0;34m  Running g8ee tests (g8ee-test-runner)[0m
[0;34m━━━━━━━━━━━━━━━━━━━━━━━━━━━━━━━━━━━━━━━━━━━━━━━━━━━━[0m
........................................................................ [  1%]
........................................................................ [  3%]
........................................................................ [  5%]
........................................................................ [  6%]
........................................................................ [  8%]
........................................................................ [ 10%]
........................................................................ [ 12%]
........................................................................ [ 13%]
.......................................................................F [ 15%]
FF......FFF............................................................. [ 17%]
........................................................................ [ 19%]
........................................................................ [ 20%]
........................................................................ [ 22%]
........................................................................ [ 24%]
........................................................................ [ 26%]
........................................................................ [ 27%]
........................................................................ [ 29%]
........................................................................ [ 31%]
........................................................................ [ 33%]
........................................................................ [ 34%]
........................................................................ [ 36%]
........................................................................ [ 38%]
......F....................F............................................ [ 39%]
........................................................................ [ 41%]
........................................................................ [ 43%]
........................................................................ [ 45%]
........................................................................ [ 46%]
........................................................................ [ 48%]
........................................................................ [ 50%]
........................................................................ [ 52%]
........................................................................ [ 53%]
........................................................................ [ 55%]
........................................................................ [ 57%]
........................................................................ [ 59%]
........................................................................ [ 60%]
........................................................................ [ 62%]
........................................................................ [ 64%]
........................................................................ [ 66%]
........................................................................ [ 67%]
........................................................................ [ 69%]
........................................................................ [ 71%]
........................................................................ [ 72%]
........................................................................ [ 74%]
........................................................................ [ 76%]
........................................................................ [ 78%]
........................................................................ [ 79%]
........................................................................ [ 81%]
........................................................................ [ 83%]
........................................................................ [ 85%]
........................................................................ [ 86%]
........................................................................ [ 88%]
........................................................................ [ 90%]
........................................................................ [ 92%]
........................................................................ [ 93%]
........................................................................ [ 95%]
........................................................................ [ 97%]
........................................................................ [ 99%]
.........................................                                [100%]
=================================== FAILURES ===================================
________ TestGetG8eeChatTaskManager.test_returns_service_from_app_state ________
tests/unit/main/test_dependencies.py:181: in test_returns_service_from_app_state
    assert result == mock_service
E   AssertionError: assert <MagicMock na...895238338272'> == <MagicMock na...895236020400'>
E     
E     Use -v to get more diff
______ TestGetG8eeChatTaskManager.test_missing_raises_service_unavailable ______
tests/unit/main/test_dependencies.py:185: in test_missing_raises_service_unavailable
    with pytest.raises(ServiceUnavailableError, match="Chat Task Manager not available"):
         ^^^^^^^^^^^^^^^^^^^^^^^^^^^^^^^^^^^^^^^^^^^^^^^^^^^^^^^^^^^^^^^^^^^^^^^^^^^^^^^
E   Failed: DID NOT RAISE <class 'app.errors.ServiceUnavailableError'>
_______ TestGetG8eeChatTaskManager.test_none_raises_service_unavailable ________
tests/unit/main/test_dependencies.py:190: in test_none_raises_service_unavailable
    with pytest.raises(ServiceUnavailableError, match="Chat Task Manager not available"):
         ^^^^^^^^^^^^^^^^^^^^^^^^^^^^^^^^^^^^^^^^^^^^^^^^^^^^^^^^^^^^^^^^^^^^^^^^^^^^^^^
E   Failed: DID NOT RAISE <class 'app.errors.ServiceUnavailableError'>
_______ TestGetG8eeAttachmentService.test_returns_service_from_app_state _______
tests/unit/main/test_dependencies.py:235: in test_returns_service_from_app_state
    assert result == mock_service
E   AssertionError: assert <MagicMock na...895237673984'> == <MagicMock na...895237683968'>
E     
E     Use -v to get more diff
_____ TestGetG8eeAttachmentService.test_missing_raises_service_unavailable _____
tests/unit/main/test_dependencies.py:239: in test_missing_raises_service_unavailable
    with pytest.raises(ServiceUnavailableError, match="Attachment Service not available"):
         ^^^^^^^^^^^^^^^^^^^^^^^^^^^^^^^^^^^^^^^^^^^^^^^^^^^^^^^^^^^^^^^^^^^^^^^^^^^^^^^^
E   Failed: DID NOT RAISE <class 'app.errors.ServiceUnavailableError'>
______ TestGetG8eeAttachmentService.test_none_raises_service_unavailable _______
tests/unit/main/test_dependencies.py:244: in test_none_raises_service_unavailable
    with pytest.raises(ServiceUnavailableError, match="Attachment Service not available"):
         ^^^^^^^^^^^^^^^^^^^^^^^^^^^^^^^^^^^^^^^^^^^^^^^^^^^^^^^^^^^^^^^^^^^^^^^^^^^^^^^^
E   Failed: DID NOT RAISE <class 'app.errors.ServiceUnavailableError'>
_______ TestStreamResponseRetryLoop.test_no_retry_after_streaming_starts _______
tests/unit/services/ai/test_agent.py:202: in test_no_retry_after_streaming_starts
    assert len(chunks) == 2
E   AssertionError: assert 4 == 2
E    +  where 4 = len([StreamChunkFromModel(type=<StreamChunkFromModelType.RETRY: 'RETRY'>, data=StreamChunkData(content=None, thinking=None...ss=None, result=None, attempt=None, max_attempts=None, tool_response_sizes=None, investigation_id=None, case_id=None))])
------------------------------ Captured log call -------------------------------
WARNING  app.services.ai.agent:agent.py:184 [AGENT] Attempt 1 failed, retrying: Network error after text
WARNING  app.services.ai.agent:agent.py:184 [AGENT] Attempt 2 failed, retrying: Network error after text
WARNING  app.services.ai.agent:agent.py:184 [AGENT] Attempt 3 failed, retrying: Network error after text
_ TestAgentCancellation.test_stream_with_tool_loop_cancels_between_tool_calls __
tests/unit/services/ai/test_agent_cancellation.py:135: in test_stream_with_tool_loop_cancels_between_tool_calls
    assert tool_executor.execute_tool_call.call_count == 1
E   AssertionError: assert 2 == 1
E    +  where 2 = <AsyncMock name='mock.execute_tool_call' id='132895217550640'>.call_count
E    +    where <AsyncMock name='mock.execute_tool_call' id='132895217550640'> = <MagicMock id='132895217582352'>.execute_tool_call
8 failed, 4137 passed in 46.74s

